../MPU6050/MPU6050.cpp:23:1:MPU6050::MPU6050()	16	static
../MPU6050/MPU6050.cpp:36:19:HAL_StatusTypeDef MPU6050::writeRegister(MPU6050_data*, uint8_t, uint8_t*)	40	static
../MPU6050/MPU6050.cpp:48:19:HAL_StatusTypeDef MPU6050::readRegister(MPU6050_data*, uint8_t, uint8_t*)	40	static
../MPU6050/MPU6050.cpp:61:19:HAL_StatusTypeDef MPU6050::burstReadRegister(MPU6050_data*, uint8_t, uint8_t*, uint8_t)	40	static
../MPU6050/MPU6050.cpp:72:19:HAL_StatusTypeDef MPU6050::initialize(MPU6050_data*, I2C_HandleTypeDef*)	40	static
../MPU6050/MPU6050.cpp:138:19:HAL_StatusTypeDef MPU6050::read_IMU_DMA(MPU6050_data*)	32	static
../MPU6050/MPU6050.cpp:151:9:uint8_t MPU6050::process_data(MPU6050_data*)	40	static
../MPU6050/MPU6050.cpp:186:19:HAL_StatusTypeDef MPU6050::accelerometer(MPU6050_data*)	48	static
../MPU6050/MPU6050.cpp:213:19:HAL_StatusTypeDef MPU6050::gyroscope(MPU6050_data*)	48	static
../MPU6050/MPU6050.cpp:238:19:HAL_StatusTypeDef MPU6050::temperature(MPU6050_data*)	32	static
../MPU6050/MPU6050.cpp:260:19:HAL_StatusTypeDef MPU6050::callibrate_stationary(MPU6050_data*)	48	static
../MPU6050/MPU6050.cpp:297:1:MPU6050::~MPU6050()	16	static
../MPU6050/MPU6050.cpp:297:1:virtual MPU6050::~MPU6050()	16	static
