00:55:11 **** Incremental Build of configuration Debug for project 3D-scanner ****
make -j16 all 
arm-none-eabi-size  3D-scanner.elf 
   text	   data	    bss	    dec	    hex	filename
 124056	    824	   6768	 131648	  20240	3D-scanner.elf
Finished building: default.size.stdout
 
00:55:23 **** Incremental Build of configuration Debug for project 3D-scanner ****
make -j16 all 
arm-none-eabi-size  3D-scanner.elf 
   text	   data	    bss	    dec	    hex	filename
 124056	    824	   6768	 131648	  20240	3D-scanner.elf
Finished building: default.size.stdout
 
00:55:43 **** Incremental Build of configuration Debug for project 3D-scanner ****
make -j16 all 
arm-none-eabi-g++ "../Core/Src/main.cpp" -mcpu=cortex-m7 -std=gnu++14 -g3 -DDEBUG -DUSE_HAL_DRIVER -DSTM32F746xx -c -I../Core/Inc -I../FATFS/Target -I../FATFS/App -I../USB_HOST/App -I../USB_HOST/Target -I../Drivers/STM32F7xx_HAL_Driver/Inc -I../Drivers/STM32F7xx_HAL_Driver/Inc/Legacy -I../Middlewares/Third_Party/FatFs/src -I../Middlewares/ST/STM32_USB_Host_Library/Core/Inc -I../Middlewares/ST/STM32_USB_Host_Library/Class/CDC/Inc -I../Drivers/CMSIS/Device/ST/STM32F7xx/Include -I../Drivers/CMSIS/Include -I.././ -I"C:/Users/lenovo/Desktop/3D_Scanner/3D_Scanner_cpp/DISCO/3D-scanner/Ext_Kalman_filter" -O0 -ffunction-sections -fdata-sections -fno-exceptions -fno-rtti -fno-use-cxa-atexit -Wall -fstack-usage -fcyclomatic-complexity -MMD -MP -MF"Core/Src/main.d" -MT"Core/Src/main.o" --specs=nano.specs -mfpu=fpv5-sp-d16 -mfloat-abi=hard -mthumb -o "Core/Src/main.o"
arm-none-eabi-g++ -o "3D-scanner.elf" @"objects.list"   -mcpu=cortex-m7 -T"C:\Users\lenovo\Desktop\3D_Scanner\3D_Scanner_cpp\DISCO\3D-scanner\STM32F746NGHX_FLASH.ld" --specs=nosys.specs -Wl,-Map="3D-scanner.map" -Wl,--gc-sections -static -u _printf_float -lm --specs=nano.specs -mfpu=fpv5-sp-d16 -mfloat-abi=hard -mthumb -Wl,--start-group -lc -lm -lstdc++ -lsupc++ -Wl,--end-group
Finished building target: 3D-scanner.elf
 
arm-none-eabi-size  3D-scanner.elf 
arm-none-eabi-objdump -h -S 3D-scanner.elf  > "3D-scanner.list"
   text	   data	    bss	    dec	    hex	filename
 124056	    824	   6768	 131648	  20240	3D-scanner.elf
Finished building: default.size.stdout
 
Finished building: 3D-scanner.list
 
00:59:09 **** Incremental Build of configuration Debug for project 3D-scanner ****
make -j16 all 
arm-none-eabi-g++ "../Core/Src/main.cpp" -mcpu=cortex-m7 -std=gnu++14 -g3 -DDEBUG -DUSE_HAL_DRIVER -DSTM32F746xx -c -I../Core/Inc -I../FATFS/Target -I../FATFS/App -I../USB_HOST/App -I../USB_HOST/Target -I../Drivers/STM32F7xx_HAL_Driver/Inc -I../Drivers/STM32F7xx_HAL_Driver/Inc/Legacy -I../Middlewares/Third_Party/FatFs/src -I../Middlewares/ST/STM32_USB_Host_Library/Core/Inc -I../Middlewares/ST/STM32_USB_Host_Library/Class/CDC/Inc -I../Drivers/CMSIS/Device/ST/STM32F7xx/Include -I../Drivers/CMSIS/Include -I.././ -I"C:/Users/lenovo/Desktop/3D_Scanner/3D_Scanner_cpp/DISCO/3D-scanner/Ext_Kalman_filter" -O0 -ffunction-sections -fdata-sections -fno-exceptions -fno-rtti -fno-use-cxa-atexit -Wall -fstack-usage -fcyclomatic-complexity -MMD -MP -MF"Core/Src/main.d" -MT"Core/Src/main.o" --specs=nano.specs -mfpu=fpv5-sp-d16 -mfloat-abi=hard -mthumb -o "Core/Src/main.o"
../Core/Src/main.cpp: In function 'int main()':
../Core/Src/main.cpp:436:50: warning: '0' flag ignored with precision and '%d' gnu_printf format [-Wformat=]
  436 |                                                  "roll: %.2f, pitch: %.2f, yaw: %0.2f, distance: %0.2d \r\n",
      |                                                  ^~~~~~~~~~~~~~~~~~~~~~~~~~~~~~~~~~~~~~~~~~~~~~~~~~~~~~~~~~~
arm-none-eabi-g++ -o "3D-scanner.elf" @"objects.list"   -mcpu=cortex-m7 -T"C:\Users\lenovo\Desktop\3D_Scanner\3D_Scanner_cpp\DISCO\3D-scanner\STM32F746NGHX_FLASH.ld" --specs=nosys.specs -Wl,-Map="3D-scanner.map" -Wl,--gc-sections -static -u _printf_float -lm --specs=nano.specs -mfpu=fpv5-sp-d16 -mfloat-abi=hard -mthumb -Wl,--start-group -lc -lm -lstdc++ -lsupc++ -Wl,--end-group
Finished building target: 3D-scanner.elf
 
arm-none-eabi-size  3D-scanner.elf 
arm-none-eabi-objdump -h -S 3D-scanner.elf  > "3D-scanner.list"
   text	   data	    bss	    dec	    hex	filename
 124080	    824	   6768	 131672	  20258	3D-scanner.elf
Finished building: default.size.stdout
 
Finished building: 3D-scanner.list
 
00:59:28 **** Incremental Build of configuration Debug for project 3D-scanner ****
make -j16 all 
arm-none-eabi-g++ "../Core/Src/main.cpp" -mcpu=cortex-m7 -std=gnu++14 -g3 -DDEBUG -DUSE_HAL_DRIVER -DSTM32F746xx -c -I../Core/Inc -I../FATFS/Target -I../FATFS/App -I../USB_HOST/App -I../USB_HOST/Target -I../Drivers/STM32F7xx_HAL_Driver/Inc -I../Drivers/STM32F7xx_HAL_Driver/Inc/Legacy -I../Middlewares/Third_Party/FatFs/src -I../Middlewares/ST/STM32_USB_Host_Library/Core/Inc -I../Middlewares/ST/STM32_USB_Host_Library/Class/CDC/Inc -I../Drivers/CMSIS/Device/ST/STM32F7xx/Include -I../Drivers/CMSIS/Include -I.././ -I"C:/Users/lenovo/Desktop/3D_Scanner/3D_Scanner_cpp/DISCO/3D-scanner/Ext_Kalman_filter" -O0 -ffunction-sections -fdata-sections -fno-exceptions -fno-rtti -fno-use-cxa-atexit -Wall -fstack-usage -fcyclomatic-complexity -MMD -MP -MF"Core/Src/main.d" -MT"Core/Src/main.o" --specs=nano.specs -mfpu=fpv5-sp-d16 -mfloat-abi=hard -mthumb -o "Core/Src/main.o"
../Core/Src/main.cpp: In function 'int main()':
../Core/Src/main.cpp:436:102: warning: format '%f' expects argument of type 'double', but argument 7 has type 'int' [-Wformat=]
  436 |                                                  "roll: %.2f, pitch: %.2f, yaw: %0.2f, distance: %0.2f \r\n",
      |                                                                                                  ~~~~^
      |                                                                                                      |
      |                                                                                                      double
      |                                                                                                  %0.2d
  437 |                                                 roll, pitch, yaw, distance);
      |                                                                   ~~~~~~~~                            
      |                                                                   |
      |                                                                   int
arm-none-eabi-g++ -o "3D-scanner.elf" @"objects.list"   -mcpu=cortex-m7 -T"C:\Users\lenovo\Desktop\3D_Scanner\3D_Scanner_cpp\DISCO\3D-scanner\STM32F746NGHX_FLASH.ld" --specs=nosys.specs -Wl,-Map="3D-scanner.map" -Wl,--gc-sections -static -u _printf_float -lm --specs=nano.specs -mfpu=fpv5-sp-d16 -mfloat-abi=hard -mthumb -Wl,--start-group -lc -lm -lstdc++ -lsupc++ -Wl,--end-group
Finished building target: 3D-scanner.elf
 
arm-none-eabi-size  3D-scanner.elf 
arm-none-eabi-objdump -h -S 3D-scanner.elf  > "3D-scanner.list"
   text	   data	    bss	    dec	    hex	filename
 124080	    824	   6768	 131672	  20258	3D-scanner.elf
Finished building: default.size.stdout
 
Finished building: 3D-scanner.list
 
00:59:50 **** Incremental Build of configuration Debug for project 3D-scanner ****
make -j16 all 
arm-none-eabi-g++ "../Core/Src/main.cpp" -mcpu=cortex-m7 -std=gnu++14 -g3 -DDEBUG -DUSE_HAL_DRIVER -DSTM32F746xx -c -I../Core/Inc -I../FATFS/Target -I../FATFS/App -I../USB_HOST/App -I../USB_HOST/Target -I../Drivers/STM32F7xx_HAL_Driver/Inc -I../Drivers/STM32F7xx_HAL_Driver/Inc/Legacy -I../Middlewares/Third_Party/FatFs/src -I../Middlewares/ST/STM32_USB_Host_Library/Core/Inc -I../Middlewares/ST/STM32_USB_Host_Library/Class/CDC/Inc -I../Drivers/CMSIS/Device/ST/STM32F7xx/Include -I../Drivers/CMSIS/Include -I.././ -I"C:/Users/lenovo/Desktop/3D_Scanner/3D_Scanner_cpp/DISCO/3D-scanner/Ext_Kalman_filter" -O0 -ffunction-sections -fdata-sections -fno-exceptions -fno-rtti -fno-use-cxa-atexit -Wall -fstack-usage -fcyclomatic-complexity -MMD -MP -MF"Core/Src/main.d" -MT"Core/Src/main.o" --specs=nano.specs -mfpu=fpv5-sp-d16 -mfloat-abi=hard -mthumb -o "Core/Src/main.o"
arm-none-eabi-g++ -o "3D-scanner.elf" @"objects.list"   -mcpu=cortex-m7 -T"C:\Users\lenovo\Desktop\3D_Scanner\3D_Scanner_cpp\DISCO\3D-scanner\STM32F746NGHX_FLASH.ld" --specs=nosys.specs -Wl,-Map="3D-scanner.map" -Wl,--gc-sections -static -u _printf_float -lm --specs=nano.specs -mfpu=fpv5-sp-d16 -mfloat-abi=hard -mthumb -Wl,--start-group -lc -lm -lstdc++ -lsupc++ -Wl,--end-group
Finished building target: 3D-scanner.elf
 
arm-none-eabi-size  3D-scanner.elf 
arm-none-eabi-objdump -h -S 3D-scanner.elf  > "3D-scanner.list"
   text	   data	    bss	    dec	    hex	filename
 124080	    824	   6768	 131672	  20258	3D-scanner.elf
Finished building: default.size.stdout
 
Finished building: 3D-scanner.list
 
